GET https://awoiaf.westeros.org/some/path/?a_query_item=a_value&another_query_item=another_value
header_1: value_1
header_2: value_2