PUT https://awoiaf.westeros.org/some/path/?a_query_item=a_value&appended_query_item=a_random_value&another_query_item=another_value
appended_header: yet_another_value
header_1: value_1
header_2: value_2

{
  "int_value" : 0,
  "string_value" : "Yes"
}